2026-09-22 02:28:27,629	INFO usage_lib.py:447 -- Usage stats collection is disabled.
2026-09-22 02:28:27,629	INFO scripts.py:936 -- [37mLocal node IP[39m: [1m172.17.0.2[22m
2026-09-22 02:28:30,617	SUCC scripts.py:975 -- [32m--------------------[39m
2026-09-22 02:28:30,617	SUCC scripts.py:976 -- [32mRay runtime started.[39m
2026-09-22 02:28:30,617	SUCC scripts.py:977 -- [32m--------------------[39m
2026-09-22 02:28:30,617	INFO scripts.py:979 -- [36mNext steps[39m
2026-09-22 02:28:30,617	INFO scripts.py:982 -- To add another node to this Ray cluster, run
2026-09-22 02:28:30,618	INFO scripts.py:985 -- [1m  ray start --address='172.17.0.2:6379'[22m
2026-09-22 02:28:30,618	INFO scripts.py:996 -- To connect to this Ray cluster:
2026-09-22 02:28:30,618	INFO scripts.py:998 -- [35mimport[39m[26m ray
2026-09-22 02:28:30,618	INFO scripts.py:999 -- ray[35m.[39m[26minit()
2026-09-22 02:28:30,618	INFO scripts.py:1013 -- To submit a Ray job using the Ray Jobs CLI:
2026-09-22 02:28:30,618	INFO scripts.py:1014 -- [1m  RAY_API_SERVER_ADDRESS='http://127.0.0.1:8265' ray job submit --working-dir . -- python my_script.py[22m
2026-09-22 02:28:30,618	INFO scripts.py:1023 -- See https://docs.ray.io/en/latest/cluster/running-applications/job-submission/index.html 
2026-09-22 02:28:30,618	INFO scripts.py:1027 -- for more information on submitting Ray jobs to the Ray cluster.
2026-09-22 02:28:30,618	INFO scripts.py:1032 -- To terminate the Ray runtime, run
2026-09-22 02:28:30,618	INFO scripts.py:1033 -- [1m  ray stop[22m
2026-09-22 02:28:30,618	INFO scripts.py:1036 -- To view the status of the cluster, use
2026-09-22 02:28:30,618	INFO scripts.py:1037 --   [1mray status[22m[26m
2026-09-22 02:28:30,618	INFO scripts.py:1041 -- To monitor and debug Ray, view the dashboard at 
2026-09-22 02:28:30,618	INFO scripts.py:1042 --   [1m127.0.0.1:8265[22m[26m
2026-09-22 02:28:30,618	INFO scripts.py:1049 -- [4mIf connection to the dashboard fails, check your firewall settings and network configuration.[24m
=== probe_seed start 2026-09-22T02:28:30-07:00
2026-09-22 02:28:31,165	INFO worker.py:1810 -- Connecting to existing Ray cluster at address: 172.17.0.2:6379...
2026-09-22 02:28:31,176	INFO worker.py:2004 -- Connected to Ray cluster. View the dashboard at [1m[32m127.0.0.1:8265 [39m[22m
/home/ray/anaconda3/lib/python3.10/site-packages/ray/_private/worker.py:2052: FutureWarning: Tip: In future versions of Ray, Ray will no longer override accelerator visible devices env var if num_gpus=0 or num_gpus=None (default). To enable this behavior and turn off this error message, set RAY_ACCEL_ENV_VAR_OVERRIDE_ON_ZERO=0
  warnings.warn(
{
  "pin": {
    "config_version": 6,
    "timestamp": 1790069311.8329575,
    "git_sha": "37c399a",
    "python": "3.10.19",
    "cwd": "/workspace",
    "config_sha256": "cc33747a9383522f0fc833b90acf0bbc0606ce94a785fb72e9864f2969bf34ad",
    "backend": "champsim_node",
    "audit_protocol": "double-blind semantics adapted from Axiom (kappa=0.954, N=100, 20% re-audit)",
    "pre_registered": true
  },
  "run": {
    "backend": "champsim_node",
    "n_cells": 2,
    "n_candidates": 2,
    "config_sha256": "cc33747a9383522f0fc833b90acf0bbc0606ce94a785fb72e9864f2969bf34ad"
  },
  "dblind": {
    "cohen_kappa": 1.0,
    "adversarial_detection_rate": 1.0,
    "publish_gate": "PASS"
  },
  "audit": {
    "version": 6,
    "backend": "champsim_node",
    "config_sha256": "cc33747a9383522f0fc833b90acf0bbc0606ce94a785fb72e9864f2969bf34ad",
    "acceptance_threshold": 0.05,
    "max_seed_cv": 0.0,
    "max_repeat_cv": 0.0,
    "max_prompt_spread": 0.0,
    "max_trace_cv": 0.0,
    "seed_cv": {
      "default/SPEC17-649.fotonik3d_s-1B.champsimtrace.xz": 0.0
    },
    "repeatability_cv": {
      "0/default/SPEC17-649.fotonik3d_s-1B.champsimtrace.xz": 0.0,
      "1/default/SPEC17-649.fotonik3d_s-1B.champsimtrace.xz": 0.0
    },
    "prompt_spread": {
      "0/SPEC17-649.fotonik3d_s-1B.champsimtrace.xz": 0.0,
      "1/SPEC17-649.fotonik3d_s-1B.champsimtrace.xz": 0.0
    },
    "trace_cv": {
      "0/default": 0.0,
      "1/default": 0.0
    },
    "ranking_stability": {
      "n_candidates": 2,
      "n_traces": 1,
      "full_top_candidate": null,
      "top1_stability": 0.0,
      "mean_kendall_tau": 0.0,
      "leave_one_out": []
    },
    "verdict": "REPRODUCIBLE",
    "cohen_kappa": 1.0,
    "publish_gate": "PASS",
    "publish_blockers": [],
    "adversarial_detection": 1.0,
    "gold_calibration": "5/5",
    "error_distribution": {
      "E0": 0,
      "E1": 2,
      "E2": 2,
      "E3": 2,
      "E4": 3
    }
  },
  "scorecard": "CHIA reproducibility audit (config v6)\n========================================================\nBackend: champsim_node\nVerdict: REPRODUCIBLE\nMax cross-seed CV: 0.0000% (gate < 5%)\nMax repeated-run CV: 0.0000%\nMax prompt spread: 0.0000%\nMax trace CV: 0.0000%\nTrace top-1 stability: 0.0\nTrace ranking Kendall tau: 0.0\n========================================================\nDouble-blind protocol self-test:\n  Cohen's kappa: 1.0 (gate 0.7)\n  Adversarial detection: 1.0\n  Gold calibration: 5/5\n  Error distribution: {'E0': 0, 'E1': 2, 'E2': 2, 'E3': 2, 'E4': 3}\n  Publish gate: PASS\n  Publish blockers: []\n========================================================\nPUBLISHABLE"
}
=== probe_seed rc=0 end 2026-09-22T02:29:02-07:00
=== probe_prompt start 2026-09-22T02:29:02-07:00
2026-09-22 02:29:02,698	INFO worker.py:1810 -- Connecting to existing Ray cluster at address: 172.17.0.2:6379...
2026-09-22 02:29:02,709	INFO worker.py:2004 -- Connected to Ray cluster. View the dashboard at [1m[32m127.0.0.1:8265 [39m[22m
/home/ray/anaconda3/lib/python3.10/site-packages/ray/_private/worker.py:2052: FutureWarning: Tip: In future versions of Ray, Ray will no longer override accelerator visible devices env var if num_gpus=0 or num_gpus=None (default). To enable this behavior and turn off this error message, set RAY_ACCEL_ENV_VAR_OVERRIDE_ON_ZERO=0
  warnings.warn(
{
  "pin": {
    "config_version": 6,
    "timestamp": 1790069342.758263,
    "git_sha": "37c399a",
    "python": "3.10.19",
    "cwd": "/workspace",
    "config_sha256": "3af2bc8cf54e39421e82f00b55ccdf3fe90963fa5bd50675a5ac64fb10bc0852",
    "backend": "champsim_node",
    "audit_protocol": "double-blind semantics adapted from Axiom (kappa=0.954, N=100, 20% re-audit)",
    "pre_registered": true
  },
  "run": {
    "backend": "champsim_node",
    "n_cells": 1,
    "n_candidates": 1,
    "config_sha256": "3af2bc8cf54e39421e82f00b55ccdf3fe90963fa5bd50675a5ac64fb10bc0852"
  },
  "dblind": {
    "cohen_kappa": 1.0,
    "adversarial_detection_rate": 1.0,
    "publish_gate": "PASS"
  },
  "audit": {
    "version": 6,
    "backend": "champsim_node",
    "config_sha256": "3af2bc8cf54e39421e82f00b55ccdf3fe90963fa5bd50675a5ac64fb10bc0852",
    "acceptance_threshold": 0.05,
    "max_seed_cv": 0.0,
    "max_repeat_cv": 0.0,
    "max_prompt_spread": 0.0,
    "max_trace_cv": 0.0,
    "seed_cv": {
      "aggressive_offset/SPEC17-649.fotonik3d_s-1B.champsimtrace.xz": 0.0
    },
    "repeatability_cv": {
      "0/aggressive_offset/SPEC17-649.fotonik3d_s-1B.champsimtrace.xz": 0.0
    },
    "prompt_spread": {
      "0/SPEC17-649.fotonik3d_s-1B.champsimtrace.xz": 0.0
    },
    "trace_cv": {
      "0/aggressive_offset": 0.0
    },
    "ranking_stability": {
      "n_candidates": 1,
      "n_traces": 0,
      "full_top_candidate": null,
      "top1_stability": 0.0,
      "mean_kendall_tau": 0.0,
      "leave_one_out": []
    },
    "verdict": "REPRODUCIBLE",
    "cohen_kappa": 1.0,
    "publish_gate": "PASS",
    "publish_blockers": [],
    "adversarial_detection": 1.0,
    "gold_calibration": "5/5",
    "error_distribution": {
      "E0": 0,
      "E1": 2,
      "E2": 2,
      "E3": 2,
      "E4": 3
    }
  },
  "scorecard": "CHIA reproducibility audit (config v6)\n========================================================\nBackend: champsim_node\nVerdict: REPRODUCIBLE\nMax cross-seed CV: 0.0000% (gate < 5%)\nMax repeated-run CV: 0.0000%\nMax prompt spread: 0.0000%\nMax trace CV: 0.0000%\nTrace top-1 stability: 0.0\nTrace ranking Kendall tau: 0.0\n========================================================\nDouble-blind protocol self-test:\n  Cohen's kappa: 1.0 (gate 0.7)\n  Adversarial detection: 1.0\n  Gold calibration: 5/5\n  Error distribution: {'E0': 0, 'E1': 2, 'E2': 2, 'E3': 2, 'E4': 3}\n  Publish gate: PASS\n  Publish blockers: []\n========================================================\nPUBLISHABLE"
}
=== probe_prompt rc=0 end 2026-09-22T02:29:19-07:00
